03/21/19 09:52 AM	Retry limit reached. Dropped: support@recipepower.com → colleen@miamisilkscreen.com 'Cooking Smarts' No MX for miamisilkscreen.com Server response: 498 No MX for miamisilkscreen.com	
	03/21/19 09:52 AM	Retry limit reached. Dropped: support@recipepower.com → info@pcgroupint.com 'Cooking Smarts' No MX for pcgroupint.com Server response: 498 No MX for pcgroupint.com	
	03/21/19 09:52 AM	Retry limit reached. Dropped: support@recipepower.com → chris_cooke99@yahoo.co.uk 'Cooking Smarts' Server response: 421 4.7.0 [TSS04] Messages from 198.61.254.32 temporarily deferred due to user complaints - 4.16.55.1; see https://help.yahoo.com/kb/postmaster/SLN3434.html	
	03/21/19 09:49 AM	Retry limit reached. Dropped: support@recipepower.com → greg@twincenterprices.net 'Cooking Smarts' No MX for twincenterprices.net Server response: 498 No MX for twincenterprices.net	
	03/21/19 09:48 AM	Retry limit reached. Dropped: support@recipepower.com → info@wxs7jk8xntpedy8.jp 'Cooking Smarts' No MX for wxs7jk8xntpedy8.jp Server response: 498 No MX for wxs7jk8xntpedy8.jp	
	03/21/19 09:48 AM	Retry limit reached. Dropped: support@recipepower.com → agilecollection@gmail.com 'Cooking Smarts' Server response: 452 4.2.2 The email account that you tried to reach is over quota. Please direct 4.2.2 the recipient to 4.2.2 https://support.google.com/mail/?p=OverQuotaTemp k13si2322074ioj.0 - gsmtp	
	03/21/19 09:47 AM	Retry limit reached. Dropped: support@recipepower.com → amendolia2016@gmail.com 'Cooking Smarts' Server response: 452 4.2.2 The email account that you tried to reach is over quota. Please direct 4.2.2 the recipient to 4.2.2 https://support.google.com/mail/?p=OverQuotaTemp s26si2310719ioe.78 - gsmtp	
	03/21/19 09:47 AM	Retry limit reached. Dropped: support@recipepower.com → amazon@buydmi.com 'Cooking Smarts' No MX for buydmi.com Server response: 498 No MX for buydmi.com	
	03/21/19 09:46 AM	Retry limit reached. Dropped: support@recipepower.com → sheena-hansman@revtests.com 'Cooking Smarts' No MX for revtests.com Server response: 498 No MX for revtests.com	
	03/21/19 09:45 AM	Retry limit reached. Dropped: support@recipepower.com → dg@yoursocialcontent.com 'Cooking Smarts' No MX for yoursocialcontent.com Server response: 498 No MX for yoursocialcontent.com	
	03/21/19 09:44 AM	Retry limit reached. Dropped: support@recipepower.com → info@deartistiekegisting.be 'Cooking Smarts' No MX for deartistiekegisting.be Server response: 498 No MX for deartistiekegisting.be	
	03/21/19 09:44 AM	Retry limit reached. Dropped: support@recipepower.com → karaikovice@gmail.com 'Cooking Smarts' Server response: 452 4.2.2 The email account that you tried to reach is over quota. Please direct 4.2.2 the recipient to 4.2.2 https://support.google.com/mail/?p=OverQuotaTemp o3si2266284ioh.88 - gsmtp	
	03/21/19 09:44 AM	Retry limit reached. Dropped: support@recipepower.com → bjorn.bostrom@odysseteatern.se 'Cooking Smarts' No MX for odysseteatern.se Server response: 498 No MX for odysseteatern.se	
	03/21/19 09:44 AM	Retry limit reached. Dropped: support@recipepower.com → ilenwuech@yahoo.es 'Cooking Smarts' Server response: 421 4.7.0 [TSS04] Messages from 198.61.254.32 temporarily deferred due to user complaints - 4.16.55.1; see https://help.yahoo.com/kb/postmaster/SLN3434.html	
	03/21/19 09:44 AM	Retry limit reached. Dropped: support@recipepower.com → joanntreece@ymail.com 'Cooking Smarts' Server response: 421 4.7.0 [TSS04] Messages from 198.61.254.32 temporarily deferred due to user complaints - 4.16.55.1; see https://help.yahoo.com/kb/postmaster/SLN3434.html	
	03/21/19 09:43 AM	Retry limit reached. Dropped: support@recipepower.com → fanci@full.xe 'Cooking Smarts' No MX for full.xe Server response: 498 No MX for full.xe	
	03/21/19 09:43 AM	Retry limit reached. Dropped: support@recipepower.com → darkrosaline@gmail.ccom 'Cooking Smarts' No MX for gmail.ccom Server response: 498 No MX for gmail.ccom	
	03/21/19 09:43 AM	Retry limit reached. Dropped: support@recipepower.com → xavi.prince53@gmail.com 'Cooking Smarts' Server response: 452 4.2.2 The email account that you tried to reach is over quota. Please direct 4.2.2 the recipient to 4.2.2 https://support.google.com/mail/?p=OverQuotaTemp x26si2313934ior.160 - gsmtp	
	03/21/19 09:43 AM	Retry limit reached. Dropped: support@recipepower.com → ero@tosthanes.erg 'Cooking Smarts' No MX for tosthanes.erg Server response: 498 No MX for tosthanes.erg	
	03/21/19 09:43 AM	Retry limit reached. Dropped: support@recipepower.com → julianne-schlapp44@testorilreviews.com 'Cooking Smarts' No MX for testorilreviews.com Server response: 498 No MX for testorilreviews.com	
	03/21/19 09:43 AM	Retry limit reached. Dropped: support@recipepower.com → lauree@catseye.co.nz 'Cooking Smarts' No MX for catseye.co.nz Server response: 498 No MX for catseye.co.nz	
	03/21/19 09:43 AM	Retry limit reached. Dropped: support@recipepower.com → precious_hermanson28@flawlessraspberryketonediet.net 'Cooking Smarts' No MX for flawlessraspberryketonediet.net Server response: 498 No MX for flawlessraspberryketonediet.net	
	03/21/19 09:43 AM	Retry limit reached. Dropped: support@recipepower.com → kayleigh-summerlin@aktiveams.org 'Cooking Smarts' No MX for aktiveams.org Server response: 498 No MX for aktiveams.org	
	03/21/19 09:43 AM	Retry limit reached. Dropped: support@recipepower.com → rkellychermoula@yahoo.co.uk 'Cooking Smarts' Server response: 421 4.7.0 [TSS04] Messages from 198.61.254.32 temporarily deferred due to user complaints - 4.16.55.1; see https://help.yahoo.com/kb/postmaster/SLN3434.html	
	03/21/19 09:43 AM	Retry limit reached. Dropped: support@recipepower.com → cristina_diaconescu1@yahoo.de 'Cooking Smarts' Server response: 421 4.7.0 [TSS04] Messages from 198.61.254.32 temporarily deferred due to user complaints - 4.16.55.1; see https://help.yahoo.com/kb/postmaster/SLN3434.html
03/21/19 09:43 AM	Retry limit reached. Dropped: support@recipepower.com → mxin@mx.coe 'Cooking Smarts' No MX for mx.coe Server response: 498 No MX for mx.coe	
	03/21/19 09:43 AM	Retry limit reached. Dropped: support@recipepower.com → carmelo.witmer13@onemomenteye.com 'Cooking Smarts' No MX for onemomenteye.com Server response: 498 No MX for onemomenteye.com	
	03/21/19 09:42 AM	Retry limit reached. Dropped: support@recipepower.com → ismael-monette77@cosmimds.net 'Cooking Smarts' No MX for cosmimds.net Server response: 498 No MX for cosmimds.net	
	03/21/19 09:42 AM	Retry limit reached. Dropped: support@recipepower.com → schmarg@missile.toe 'Cooking Smarts' No MX for missile.toe Server response: 498 No MX for missile.toe	
	03/21/19 09:42 AM	Retry limit reached. Dropped: support@recipepower.com → rogelio_tebbutt82@greencoffeefatburners.com 'Cooking Smarts' No MX for greencoffeefatburners.com Server response: 498 No MX for greencoffeefatburners.com	
	03/21/19 09:42 AM	Retry limit reached. Dropped: support@recipepower.com → hattie-forshee23@leanmuscleformulas.net 'Cooking Smarts' No MX for leanmuscleformulas.net Server response: 498 No MX for leanmuscleformulas.net	
	03/21/19 09:42 AM	Retry limit reached. Dropped: support@recipepower.com → tracie.keesler89@maxmuscleblasts.net 'Cooking Smarts' No MX for maxmuscleblasts.net Server response: 498 No MX for maxmuscleblasts.net	
	03/21/19 09:42 AM	Retry limit reached. Dropped: support@recipepower.com → latasha.trinidad55@purenitrate.org 'Cooking Smarts' No MX for purenitrate.org Server response: 498 No MX for purenitrate.org	
	03/21/19 09:40 AM	Retry limit reached. Dropped: support@recipepower.com → megan.beth@ymail.com 'Cooking Smarts' Server response: 421 4.7.0 [TSS04] Messages from 198.61.254.32 temporarily deferred due to user complaints - 4.16.55.1; see https://help.yahoo.com/kb/postmaster/SLN3434.html	
	03/21/19 09:13 AM	Retry limit reached. Dropped: support@recipepower.com → fortuna.cramer@yahoo.com 'Cooking Smarts' Server response: 421 4.7.0 [TSS04] Messages from 198.61.254.32 temporarily deferred due to user complaints - 4.16.55.1; see https://help.yahoo.com/kb/postmaster/SLN3434.html	
	03/21/19 09:05 AM	Retry limit reached. Dropped: support@recipepower.com → laurarose73@yahoo.com 'Cooking Smarts' Server response: 421 4.7.0 [TSS04] Messages from 198.61.254.32 temporarily deferred due to user complaints - 4.16.55.1; see https://help.yahoo.com/kb/postmaster/SLN3434.html	
	03/21/19 08:41 AM	Retry limit reached. Dropped: support@recipepower.com → luckiewood311@aol.com 'Cooking Smarts' Server response: 421 4.7.0 [TSS04] Messages from 198.61.254.32 temporarily deferred due to user complaints - 4.16.55.1; see https://help.yahoo.com/kb/postmaster/SLN3434.html	
	03/21/19 08:33 AM	Retry limit reached. Dropped: support@recipepower.com → zoodiedoe@yahoo.co.nz 'Cooking Smarts' Server response: 421 4.7.0 [TSS04] Messages from 198.61.254.32 temporarily deferred due to user complaints - 4.16.55.1; see https://help.yahoo.com/kb/postmaster/SLN3434.html	
	03/21/19 08:01 AM	Retry limit reached. Dropped: support@recipepower.com → disneywina@ymail.com 'Cooking Smarts' Server response: 421 4.7.0 [TSS04] Messages from 198.61.254.32 temporarily deferred due to user complaints - 4.16.55.1; see https://help.yahoo.com/kb/postmaster/SLN3434.html	
	03/20/19 10:22 PM	Failed: support@recipepower.com → d.tyszecki@gmx.de 'Cooking Smarts' Server response: 550 Requested action not taken: mailbox unavailable	
	03/20/19 10:11 PM	Failed: support@recipepower.com → jtuohy@paradise.net.nz 'Cooking Smarts' Server response: 554 5.7.1 DNS Blacklisted by dnsbl-1.uceprotect.net dnsbl.sorbs.net	
	03/20/19 10:09 PM	Failed: support@recipepower.com → marteric@ihug.co.nz 'Cooking Smarts' Server response: 554 5.7.1 DNS Blacklisted by dnsbl-1.uceprotect.net dnsbl.sorbs.net	
	03/20/19 10:07 PM	Failed: support@recipepower.com → mermanltd@clear.net.nz 'Cooking Smarts' Server response: 554 5.7.1 DNS Blacklisted by dnsbl-1.uceprotect.net dnsbl.sorbs.net	
	03/20/19 09:58 PM	Failed: support@recipepower.com → opal.hines@gmx.de 'Cooking Smarts' Server response: 550 Requested action not taken: mailbox unavailable	
	03/20/19 09:58 PM	Failed: support@recipepower.com → marketplace@raviday.com 'Cooking Smarts' Server response: 550 5.1.1 <marketplace@raviday.com>: Recipient address rejected: User unknown	
	03/20/19 09:57 PM	Failed: lhiggins@aircooltech.com 'Cooking Smarts' Server response: 5.1.10 smtp;550 5.1.10 RESOLVER.ADR.RecipientNotFound; Recipient lhiggins@aircooltech.com not found by SMTP address lookup	
	03/20/19 09:57 PM	Failed: support@recipepower.com → tstanley@ptd.net 'Cooking Smarts' Server response: 550 5.1.1 <tstanley@ptd.net>: Recipient address rejected: ptd.net	
	03/20/19 09:57 PM	Failed: support@recipepower.com → meluvoj@gmail.com 'Cooking Smarts' Server response: 550 5.1.1 The email account that you tried to reach does not exist. Please try 5.1.1 double-checking the recipient's email address for typos or 5.1.1 unnecessary spaces. Learn more at 5.1.1 https://support.google.com/mail/?p=NoSuchUser h185si1785887ith.11 - gsmtp	
	03/20/19 09:57 PM	Failed: support@recipepower.com → t_shusaku@yahoo.co.jp 'Cooking Smarts' Server response: 554 delivery error: dd This user doesn't have a yahoo.co.jp account (t_shusaku@yahoo.co.jp) [-5] - mta738.mail.djm.yahoo.co.jp	
	03/20/19 09:57 PM	Failed: support@recipepower.com → annascorova@gmail.com 'Cooking Smarts' Server response: 550 5.1.1 The email account that you tried to reach does not exist. Please try 5.1.1 double-checking the recipient's email address for typos or 5.1.1 unnecessary spaces. Learn more at 5.1.1 https://support.google.com/mail/?p=NoSuchUser c5si1794095jak.52 - gsmtp
03/20/19 09:56 PM	Failed: support@recipepower.com → movvman2005@gmail.com 'Cooking Smarts' Not delivering to previously bounced address	
	03/20/19 09:56 PM	Failed: support@recipepower.com → accounting@omnigas.com 'Cooking Smarts' Not delivering to previously bounced address	
	03/20/19 09:56 PM	Failed: support@recipepower.com → aross.photography@gmail.com 'Cooking Smarts' Server response: 550 5.1.1 The email account that you tried to reach does not exist. Please try 5.1.1 double-checking the recipient's email address for typos or 5.1.1 unnecessary spaces. Learn more at 5.1.1 https://support.google.com/mail/?p=NoSuchUser s34si1055025jaj.95 - gsmtp	
	03/20/19 09:56 PM	Failed: support@recipepower.com → jsloan@sloanmatney.com 'Cooking Smarts' Server response: 553 sorry, no mailbox here by that name. ulc: 56312876015, rcp: 0001. (#5.7.1)	
	03/20/19 09:56 PM	Failed: support@recipepower.com → mick.johanna@web.de 'Cooking Smarts' Server response: 550 Requested action not taken: mailbox unavailable	
	03/20/19 09:55 PM	Failed: support@recipepower.com → flealis@cox.net 'Cooking Smarts' Server response: 550 5.1.1 <flealis@cox.net> recipient rejected	
	03/20/19 09:55 PM	Failed: support@recipepower.com → t.bekkum@villageofcashton.org 'Cooking Smarts' Not delivering to previously bounced address	
	03/20/19 09:55 PM	Failed: support@recipepower.com → bassfoot@charter.net 'Cooking Smarts' Server response: 550 5.1.1 <bassfoot@charter.net> recipient rejected	
	03/20/19 09:55 PM	Failed: support@recipepower.com → landprincess@cox.net 'Cooking Smarts' Not delivering to previously bounced address	
	03/20/19 09:55 PM	Failed: support@recipepower.com → agoarer@i.softbank.jp 'Cooking Smarts' Server response: 550 Invalid recipient: <agoarer@i.softbank.jp>	
	03/20/19 09:55 PM	Failed: support@recipepower.com → jamesperun@sbcglobal.net 'Cooking Smarts' Not delivering to previously bounced address	
	03/20/19 09:55 PM	Failed: support@recipepower.com → snotty_zip_bedinn@yahoo.co.jp 'Cooking Smarts' Not delivering to previously bounced address	
	03/20/19 09:55 PM	Failed: support@recipepower.com → mark.otto@crown.com 'Cooking Smarts' Not delivering to previously bounced address	
	03/20/19 09:55 PM	Failed: support@recipepower.com → mark.otto@comcast.net 'Cooking Smarts' Server response: 550 5.1.1 Not our Customer	
	03/20/19 09:55 PM	Failed: support@recipepower.com → mclaughlingail@gmail.com 'Cooking Smarts' Not delivering to previously bounced address	
	03/20/19 09:55 PM	Failed: support@recipepower.com → fergus@starboardtech.com 'Cooking Smarts' Not delivering to previously bounced address	
	03/20/19 09:55 PM	Failed: support@recipepower.com → katony@gmail.com 'Cooking Smarts' Server response: 550 5.1.1 The email account that you tried to reach does not exist. Please try 5.1.1 double-checking the recipient's email address for typos or 5.1.1 unnecessary spaces. Learn more at 5.1.1 https://support.google.com/mail/?p=NoSuchUser 130si1769230itz.102 - gsmtp	
	03/20/19 09:55 PM	Failed: support@recipepower.com → tinaguerrero@ymail.com 'Cooking Smarts' Server response: 554 delivery error: dd This user doesn't have a ymail.com account (tinaguerrero@ymail.com) [-9] - mta4200.mail.bf1.yahoo.com	
	03/20/19 09:55 PM	Failed: michellewaddell@charter.net 'Cooking Smarts' Server response: 5.2.1	
	03/20/19 09:55 PM	Failed: r.jarvis@ecllaw.com 'Cooking Smarts' Server response: 5.1.10 smtp;550 5.1.10 RESOLVER.ADR.RecipientNotFound; Recipient r.jarvis@ecllaw.com not found by SMTP address lookup	
	03/20/19 09:55 PM	Failed: support@recipepower.com → luv2cropwithu@comcast.net 'Cooking Smarts' Not delivering to a user who marked your messages as spam	
	03/20/19 09:55 PM	Failed: support@recipepower.com → chris@sherburn.com 'Cooking Smarts' Not delivering to previously bounced address	
	03/20/19 09:54 PM	Failed: support@recipepower.com → dlittle54@cfl.rr.com 'Cooking Smarts' Not delivering to previously bounced address	
	03/20/19 09:54 PM	Failed: support@recipepower.com → m-toki0723@softbank.ne.jp 'Cooking Smarts' Not delivering to previously bounced address	
	03/20/19 09:54 PM	Failed: support@recipepower.com → tubakurou1102@yahoo.co.jp 'Cooking Smarts' Not delivering to previously bounced address
03/20/19 09:54 PM	Failed: support@recipepower.com → stefan@stewih.se 'Cooking Smarts' Server response: 554 5.7.1 Recipient address rejected: Unknown recipient	
	03/20/19 09:54 PM	Failed: support@recipepower.com → admin@jra.com.au 'Cooking Smarts' Server response: 550 Previous (cached) callout verification failure	
	03/20/19 09:54 PM	Failed: support@recipepower.com → nchino@live.com 'Cooking Smarts' Server response: 550 5.5.0 Requested action not taken: mailbox unavailable. [AM5EUR02FT057.eop-EUR02.prod.protection.outlook.com]	
	03/20/19 09:54 PM	Failed: support@recipepower.com → y-m.s.y@ezweb.ne.jp 'Cooking Smarts' Not delivering to previously bounced address	
	03/20/19 09:54 PM	Failed: support@recipepower.com → jerroldsr@chatmosscable.com 'Cooking Smarts' Server response: 554 5.7.1 <jerroldsr@chatmosscable.com>: Recipient address rejected: user jerroldsr@chatmosscable.com does not exist	
	03/20/19 09:54 PM	Failed: support@recipepower.com → rharper2@rochester.rr.com 'Cooking Smarts' Not delivering to previously bounced address	
	03/20/19 09:54 PM	Failed: support@recipepower.com → tnsbar@cox.net 'Cooking Smarts' Server response: 550 5.1.1 <tnsbar@cox.net> recipient rejected	
	03/20/19 09:54 PM	Failed: support@recipepower.com → ironwreath@shoreham.net 'Cooking Smarts' Server response: 550 Your message was rejected by this user and was not delivered. Reason: This system uses BMS to check your IP address reputation, and was rejected by the user. IP=[198.61.254.32] Protection provided by: MagicMail version 3.0 For more information, please visit the URL: http://www.linuxmagic.com/power_of_ip_reputation.html or contact your ISP or mail server operator. 431c40ee-4b7c-11e9-b452-1866da7b203a	
	03/20/19 09:54 PM	Failed: support@recipepower.com → alyssa@alltemp.biz 'Cooking Smarts' Server response: 550 5.1.1 The email account that you tried to reach does not exist. Please try 5.1.1 double-checking the recipient's email address for typos or 5.1.1 unnecessary spaces. Learn more at 5.1.1 https://support.google.com/mail/?p=NoSuchUser z62si2191006ybb.428 - gsmtp	
	03/20/19 09:54 PM	Failed: support@recipepower.com → tc2000@cox.net 'Cooking Smarts' Not delivering to previously bounced address	
	03/20/19 09:54 PM	Failed: support@recipepower.com → refull0225@docomo.ne.jp 'Cooking Smarts' Not delivering to previously bounced address	
	03/20/19 09:54 PM	Failed: support@recipepower.com → dirtbagdannydoja@comcast.net 'Cooking Smarts' Server response: 550 5.1.1 Not our Customer	
	03/20/19 09:54 PM	Failed: support@recipepower.com → richard.shelton@cornerstonelectrical.com 'Cooking Smarts' Server response: 550 5.4.1 [richard.shelton@cornerstonelectrical.com]: Recipient address rejected: Access denied [CO1NAM03FT048.eop-NAM03.prod.protection.outlook.com]	
	03/20/19 09:54 PM	Failed: support@recipepower.com → gammalane@comcast.net 'Cooking Smarts' Not delivering to a user who marked your messages as spam	
	03/20/19 09:54 PM	Failed: support@recipepower.com → ygxandyx85@gmail.com 'Cooking Smarts' Server response: 550 5.1.1 The email account that you tried to reach does not exist. Please try 5.1.1 double-checking the recipient's email address for typos or 5.1.1 unnecessary spaces. Learn more at 5.1.1 https://support.google.com/mail/?p=NoSuchUser 140si2121580ybd.255 - gsmtp	
	03/20/19 09:54 PM	Failed: support@recipepower.com → masato@kki.biglobe.ne.jp 'Cooking Smarts' Not delivering to previously bounced address	
	03/20/19 09:53 PM	Failed: support@recipepower.com → opsamazon@livebsl.com 'Cooking Smarts' Not delivering to previously bounced address	
	03/20/19 09:53 PM	Failed: support@recipepower.com → jschlegel@pavetechinc.com 'Cooking Smarts' Not delivering to previously bounced address	
	03/20/19 09:53 PM	Failed: support@recipepower.com → lgcomeaux@cox.net 'Cooking Smarts' Server response: 550 5.1.1 <lgcomeaux@cox.net> recipient rejected	
	03/20/19 09:53 PM	Failed: support@recipepower.com → nicewom247@hotmail.com 'Cooking Smarts' Not delivering to a user who marked your messages as spam	
	03/20/19 09:53 PM	Failed: support@recipepower.com → rudolf.schaper@web.de 'Cooking Smarts' Server response: 550 Requested action not taken: mailbox unavailable	
	03/20/19 09:53 PM	Failed: support@recipepower.com → jjharding@charter.net 'Cooking Smarts' Not delivering to previously bounced address	
	03/20/19 09:53 PM	Failed: support@recipepower.com → five@bogus.net 'Cooking Smarts' Not delivering to previously bounced address	
	03/20/19 09:53 PM	Failed: support@recipepower.com → seven@bogus.net 'Cooking Smarts' Not delivering to previously bounced address	
	03/20/19 09:53 PM	Failed: support@recipepower.com → natalamuraveva2@gmail.com 'Cooking Smarts' Server response: 552 5.2.2 The email account that you tried to reach is over quota. Please direct 5.2.2 the recipient to 5.2.2 https://support.google.com/mail/?p=OverQuotaPerm v184si1496423jaa.117 - gsmtp
03/20/19 09:53 PM	Failed: support@recipepower.com → kdkellys@comcast.net 'Cooking Smarts' Not delivering to a user who marked your messages as spam	
	03/20/19 09:53 PM	Failed: support@recipepower.com → six@bogus.net 'Cooking Smarts' Not delivering to previously bounced address	
	03/20/19 09:53 PM	Failed: support@recipepower.com → four@bogus.net 'Cooking Smarts' Not delivering to previously bounced address	
	03/20/19 09:53 PM	Failed: support@recipepower.com → jon@greenscape.us.com 'Cooking Smarts' Server response: 550 5.4.1 [jon@greenscape.us.com]: Recipient address rejected: Access denied [BY2NAM05FT016.eop-nam05.prod.protection.outlook.com]	
	03/20/19 09:53 PM	Failed: support@recipepower.com → stevechew@circleaudi.com 'Cooking Smarts' Server response: 550 5.1.1 <stevechew@circleaudi.com> Recipient not found. <http://x.co/irbounce>	
	03/20/19 09:53 PM	Failed: support@recipepower.com → tmast348@gmail.com 'Cooking Smarts' Not delivering to previously bounced address	
	03/20/19 09:53 PM	Failed: support@recipepower.com → kristi@cookya.com 'Cooking Smarts' Not delivering to previously bounced address	
	03/20/19 09:53 PM	Failed: support@recipepower.com → mkessle5@optonline.net 'Cooking Smarts' Not delivering to previously bounced address	
	03/20/19 09:52 PM	Failed: support@recipepower.com → catpaws2@comcast.net 'Cooking Smarts' Not delivering to a user who marked your messages as spam	
	03/20/19 09:52 PM	Failed: support@recipepower.com → jl5bn3l2fkl168x24wp2@gmail.com 'Cooking Smarts' Server response: 550 5.1.1 The email account that you tried to reach does not exist. Please try 5.1.1 double-checking the recipient's email address for typos or 5.1.1 unnecessary spaces. Learn more at 5.1.1 https://support.google.com/mail/?p=NoSuchUser h12si1706223itb.109 - gsmtp	
	03/20/19 09:52 PM	Failed: support@recipepower.com → brettkruse@comcast.net 'Cooking Smarts' Server response: 550 5.1.1 Not our Customer	
	03/20/19 09:52 PM	Failed: support@recipepower.com → melissajlefevre@gmail.com 'Cooking Smarts' Server response: 550 5.1.1 The email account that you tried to reach does not exist. Please try 5.1.1 double-checking the recipient's email address for typos or 5.1.1 unnecessary spaces. Learn more at 5.1.1 https://support.google.com/mail/?p=NoSuchUser k16si1764086iog.40 - gsmtp	
	03/20/19 09:52 PM	Failed: support@recipepower.com → voroncov2@inbox.lv 'Cooking Smarts' Server response: 554 5.7.1 <voroncov2@inbox.lv>: Recipient address rejected: User unknown - voroncov2@inbox.lv	
	03/20/19 09:52 PM	Failed: support@recipepower.com → d.gualandri@mchsi.com 'Cooking Smarts' Not delivering to previously bounced address	
	03/20/19 09:52 PM	Failed: support@recipepower.com → psbuttler@cox.net 'Cooking Smarts' Not delivering to a user who marked your messages as spam	
	03/20/19 09:52 PM	Failed: harish@allsolutionsinsurance.com 'Cooking Smarts' Server response: 5.1.10 smtp;550 5.1.10 RESOLVER.ADR.RecipientNotFound; Recipient harish@allsolutionsinsurance.com not found by SMTP address lookup	
	03/20/19 09:52 PM	Failed: support@recipepower.com → pwade@olmsteadwilliams.com 'Cooking Smarts' Server response: 550 #5.1.0 Address rejected.	
	03/20/19 09:52 PM	Failed: asantos@nydailynews.com 'Cooking Smarts' Server response: 5.1.10 smtp;550 5.1.10 RESOLVER.ADR.RecipientNotFound; Recipient not found by SMTP address lookup	
	03/20/19 09:52 PM	Failed: support@recipepower.com → bykovaalla9@gmail.com 'Cooking Smarts' Server response: 550 5.1.1 The email account that you tried to reach does not exist. Please try 5.1.1 double-checking the recipient's email address for typos or 5.1.1 unnecessary spaces. Learn more at 5.1.1 https://support.google.com/mail/?p=NoSuchUser s35si1559105jaj.28 - gsmtp	
	03/20/19 09:52 PM	Failed: support@recipepower.com → couturetj@gmail.com 'Cooking Smarts' Not delivering to previously bounced address	
	03/20/19 09:52 PM	Failed: support@recipepower.com → jobs@restorationspec.com 'Cooking Smarts' Server response: 550 5.4.1 [jobs@restorationspec.com]: Recipient address rejected: Access denied [BY2NAM05FT046.eop-nam05.prod.protection.outlook.com]	
	03/20/19 09:52 PM	Failed: support@recipepower.com → jaredlao774@gmail.com 'Cooking Smarts' Server response: 550 5.1.1 The email account that you tried to reach does not exist. Please try 5.1.1 double-checking the recipient's email address for typos or 5.1.1 unnecessary spaces. Learn more at 5.1.1 https://support.google.com/mail/?p=NoSuchUser u69si1758944itb.76 - gsmtp	
	03/20/19 09:52 PM	Failed: support@recipepower.com → xujl@comcast.net 'Cooking Smarts' Server response: 550 5.1.1 Not our Customer	
	03/20/19 09:52 PM	Failed: support@recipepower.com → anm1218@comcast.net 'Cooking Smarts' Not delivering to a user who marked your messages as spam	
	03/20/19 09:52 PM	Failed: support@recipepower.com → dragonbbroken@cox.net 'Cooking Smarts' Server response: 550 5.1.1 <dragonbbroken@cox.net> recipient rejected
03/20/19 09:52 PM	Failed: support@recipepower.com → doloreslamela@comcast.net 'Cooking Smarts' Server response: 550 5.1.1 Not our Customer	
	03/20/19 09:52 PM	Failed: support@recipepower.com → keller_1235@hotmail.com 'Cooking Smarts' Server response: 550 5.5.0 Requested action not taken: mailbox unavailable. [VI1EUR04FT003.eop-eur04.prod.protection.outlook.com]	
	03/20/19 09:51 PM	Failed: support@recipepower.com → ctn205passat@gmail.com 'Cooking Smarts' Server response: 550 5.1.1 The email account that you tried to reach does not exist. Please try 5.1.1 double-checking the recipient's email address for typos or 5.1.1 unnecessary spaces. Learn more at 5.1.1 https://support.google.com/mail/?p=NoSuchUser b142si1791664itb.79 - gsmtp	
	03/20/19 09:51 PM	Failed: support@recipepower.com → joonav11@gmail.com 'Cooking Smarts' Server response: 550 5.1.1 The email account that you tried to reach does not exist. Please try 5.1.1 double-checking the recipient's email address for typos or 5.1.1 unnecessary spaces. Learn more at 5.1.1 https://support.google.com/mail/?p=NoSuchUser d123si1767488itc.88 - gsmtp	
	03/20/19 09:51 PM	Failed: support@recipepower.com → pennyharika@gmail.com 'Cooking Smarts' Server response: 550 5.1.1 The email account that you tried to reach does not exist. Please try 5.1.1 double-checking the recipient's email address for typos or 5.1.1 unnecessary spaces. Learn more at 5.1.1 https://support.google.com/mail/?p=NoSuchUser n7si1694849ioo.136 - gsmtp	
	03/20/19 09:51 PM	Failed: support@recipepower.com → stingyleaf652@mail.ru 'Cooking Smarts' Server response: 550 Message was not accepted -- invalid mailbox. Local mailbox stingyleaf652@mail.ru is unavailable: user is terminated	
	03/20/19 09:51 PM	Failed: support@recipepower.com → xeroxirregyumhvz@gmail.com 'Cooking Smarts' Server response: 550 5.1.1 The email account that you tried to reach does not exist. Please try 5.1.1 double-checking the recipient's email address for typos or 5.1.1 unnecessary spaces. Learn more at 5.1.1 https://support.google.com/mail/?p=NoSuchUser 202si1692660itk.44 - gsmtp	
	03/20/19 09:51 PM	Failed: support@recipepower.com → summer_irving@inbox.com 'Cooking Smarts' Server response: 550 Mailbox unavailable <summer_irving@inbox.com>	
	03/20/19 09:51 PM	Failed: support@recipepower.com → insidiousairplane623@outlook.com 'Cooking Smarts' Server response: 550 5.5.0 Requested action not taken: mailbox unavailable. [HE1EUR02FT017.eop-EUR02.prod.protection.outlook.com]	
	03/20/19 09:51 PM	Failed: support@recipepower.com → gioyik1@gmail.com 'Cooking Smarts' Server response: 550 5.1.1 The email account that you tried to reach does not exist. Please try 5.1.1 double-checking the recipient's email address for typos or 5.1.1 unnecessary spaces. Learn more at 5.1.1 https://support.google.com/mail/?p=NoSuchUser y189si1700295ity.87 - gsmtp	
	03/20/19 09:51 PM	Failed: support@recipepower.com → m.u.n.i.t.i.o.n.u.znq.g@gmail.com 'Cooking Smarts' Server response: 550 5.1.1 The email account that you tried to reach does not exist. Please try 5.1.1 double-checking the recipient's email address for typos or 5.1.1 unnecessary spaces. Learn more at 5.1.1 https://support.google.com/mail/?p=NoSuchUser 67si1748469ity.136 - gsmtp	
	03/20/19 09:51 PM	Failed: support@recipepower.com → resincuttgojzg@gmail.com 'Cooking Smarts' Server response: 550 5.1.1 The email account that you tried to reach does not exist. Please try 5.1.1 double-checking the recipient's email address for typos or 5.1.1 unnecessary spaces. Learn more at 5.1.1 https://support.google.com/mail/?p=NoSuchUser k125si1661663itc.60 - gsmtp	
	03/20/19 09:51 PM	Failed: support@recipepower.com → saskia@kropf.me 'Cooking Smarts' Server response: 550 5.1.1 <saskia@kropf.me>: Recipient address rejected: User unknown in local recipient table	
	03/20/19 09:51 PM	Failed: support@recipepower.com → tenuouspants9108@outlook.com 'Cooking Smarts' Server response: 550 5.5.0 Requested action not taken: mailbox unavailable. [VE1EUR02FT035.eop-EUR02.prod.protection.outlook.com]	
	03/20/19 09:51 PM	Failed: support@recipepower.com → ladyluvssun@yahoo.no 'Cooking Smarts' Not delivering to previously bounced address	
	03/20/19 09:51 PM	Failed: support@recipepower.com → msc@socal.rr.com 'Cooking Smarts' Server response: 550 5.1.1 <msc@socal.rr.com> recipient rejected	
	03/20/19 09:51 PM	Failed: support@recipepower.com → natsuko-1969.8.20@ezweb.ne.jp 'Cooking Smarts' Server response: 550 : User unknown	
	03/20/19 09:51 PM	Failed: support@recipepower.com → lcole91588@hotmail.com 'Cooking Smarts' Not delivering to a user who marked your messages as spam	
	03/20/19 09:51 PM	Failed: support@recipepower.com → b.ul.l.i.s.h.b.j.o.i.l@gmail.com 'Cooking Smarts' Server response: 550 5.1.1 The email account that you tried to reach does not exist. Please try 5.1.1 double-checking the recipient's email address for typos or 5.1.1 unnecessary spaces. Learn more at 5.1.1 https://support.google.com/mail/?p=NoSuchUser k125si1661436itc.60 - gsmtp	
	03/20/19 09:51 PM	Failed: support@recipepower.com → overjoyedspiralgj633@outlook.com 'Cooking Smarts' Server response: 550 5.5.0 Requested action not taken: mailbox unavailable. [AM5EUR02FT008.eop-EUR02.prod.protection.outlook.com]	
	03/20/19 09:51 PM	Failed: support@recipepower.com → hilariocarnahan@gmail.com 'Cooking Smarts' Server response: 550 5.1.1 The email account that you tried to reach does not exist. Please try 5.1.1 double-checking the recipient's email address for typos or 5.1.1 unnecessary spaces. Learn more at 5.1.1 https://support.google.com/mail/?p=NoSuchUser b100si1756550itd.77 - gsmtp	
	03/20/19 09:51 PM	Failed: support@recipepower.com → rea.di.lyog.lek@gmail.com 'Cooking Smarts' Server response: 550 5.1.1 The email account that you tried to reach does not exist. Please try 5.1.1 double-checking the recipient's email address for typos or 5.1.1 unnecessary spaces. Learn more at 5.1.1 https://support.google.com/mail/?p=NoSuchUser v9si227252itb.51 - gsmtp	
	03/20/19 09:51 PM	Failed: support@recipepower.com → grillondrew@gmail.com 'Cooking Smarts' Not delivering to previously bounced address	
	03/20/19 09:51 PM	Failed: support@recipepower.com → bpass@sheppardmullin.com 'Cooking Smarts' Server response: 550 Invalid Recipient - https://community.mimecast.com/docs/DOC-1369#550 [FnI7HNVzMwq1GUHqMTPF4g.us322]	
	03/20/19 09:51 PM	Failed: support@recipepower.com → skip_14@hotmail.com 'Cooking Smarts' Not delivering to a user who marked your messages as spam
03/20/19 09:51 PM	Failed: support@recipepower.com → janeleichenlaub@gmail.com 'Cooking Smarts' Server response: 550 5.1.1 The email account that you tried to reach does not exist. Please try 5.1.1 double-checking the recipient's email address for typos or 5.1.1 unnecessary spaces. Learn more at 5.1.1 https://support.google.com/mail/?p=NoSuchUser p196si1773126itp.46 - gsmtp	
	03/20/19 09:50 PM	Failed: support@recipepower.com → aki-sa@cty-net.ne.jp 'Cooking Smarts' Server response: 550 #5.1.0 Address rejected.	
	03/20/19 09:50 PM	Failed: support@recipepower.com → bengebretson@new.rr.com 'Cooking Smarts' Not delivering to a user who marked your messages as spam	
	03/20/19 09:50 PM	Failed: support@recipepower.com → horstbaumgartner@kabelbw.de 'Cooking Smarts' Server response: 550 5.1.1 logid=SMTPRC 550 MXIN501 mailbox horstbaumgartner@kabelbw.de unknown ;id=6mqmhXKSpI9xy6mqmhG1a1;sid=6mqmhXKSpI9xy;mta=vie01a-pemc-pmxin-pe13;d=20190321;t=025033[CET];ipsrc=198.61.254.32;	
	03/20/19 09:50 PM	Failed: support@recipepower.com → debreynolds1316@gmail.com 'Cooking Smarts' Server response: 550 5.1.1 The email account that you tried to reach does not exist. Please try 5.1.1 double-checking the recipient's email address for typos or 5.1.1 unnecessary spaces. Learn more at 5.1.1 https://support.google.com/mail/?p=NoSuchUser y138si2132704yby.56 - gsmtp	
	03/20/19 09:50 PM	Failed: support@recipepower.com → pennybrownphotography@windstream.net 'Cooking Smarts' Not delivering to previously bounced address	
	03/20/19 09:50 PM	Failed: support@recipepower.com → one@bogus.net 'Cooking Smarts' Not delivering to previously bounced address	
	03/20/19 09:50 PM	Failed: support@recipepower.com → sabine.chomette@gmail.com 'Cooking Smarts' Server response: 552 5.2.2 The email account that you tried to reach is over quota. Please direct 5.2.2 the recipient to 5.2.2 https://support.google.com/mail/?p=OverQuotaPerm w186si493789ywc.259 - gsmtp	
	03/20/19 09:50 PM	Failed: support@recipepower.com → webmaster@recipepower.com 'Cooking Smarts'	
	03/20/19 09:50 PM	Failed: support@recipepower.com → three@bogus.net 'Cooking Smarts' Not delivering to previously bounced address	
	03/20/19 09:50 PM	Failed: support@recipepower.com → two@bogus.net 'Cooking Smarts' Not delivering to previously bounced address	
	03/20/19 09:50 PM	Failed: support@recipepower.com → ici52633@nifty.com 'Cooking Smarts' Server response: 550 5.1.1 5.1.1 User unknown, to=<ici52633@nifty.com>	
	03/20/19 09:50 PM	Failed: support@recipepower.com → kathyod@comcast.net 'Cooking Smarts' Server response: 552 5.1.1 <kathyod@comcast.net> recipient rejected - extended quota violation	
	03/20/19 09:49 PM	Failed: support@recipepower.com → pathighland@gmail.com 'Cooking Smarts' Server response: 550 5.1.1 The email account that you tried to reach does not exist. Please try 5.1.1 double-checking the recipient's email address for typos or 5.1.1 unnecessary spaces. Learn more at 5.1.1 https://support.google.com/mail/?p=NoSuchUser i190si2280192ywf.386 - gsmtp	
	03/20/19 09:49 PM	Failed: support@recipepower.com → smile@drdanburgmeier.com 'Cooking Smarts' Server response: 550 5.1.1 <smile@drdanburgmeier.com> Recipient not found. <http://x.co/irbounce>	
	03/20/19 09:49 PM	Failed: support@recipepower.com → kitty@mtmfg.com 'Cooking Smarts' Server response: 550 5.1.1 <kitty@mtmfg.com> User unknown	
	03/20/19 09:49 PM	Failed: support@recipepower.com → guest@recipepower.com 'Cooking Smarts'	
	03/20/19 09:49 PM	Failed: support@recipepower.com → robynclark615@gmail.com 'Cooking Smarts' Server response: 550 5.1.1 The email account that you tried to reach does not exist. Please try 5.1.1 double-checking the recipient's email address for typos or 5.1.1 unnecessary spaces. Learn more at 5.1.1 https://support.google.com/mail/?p=NoSuchUser h76si1765445ita.130 - gsmtp	
	03/20/19 09:49 PM	Failed: support@recipepower.com → maep1988@comcast.net 'Cooking Smarts' Not delivering to previously bounced address	
	03/20/19 09:49 PM	Failed: support@recipepower.com → adoner@juno.com 'Cooking Smarts' Not delivering to previously bounced address	
	03/20/19 09:49 PM	Failed: support@recipepower.com → richard1@king-law.com 'Cooking Smarts' Not delivering to previously bounced address	
	03/20/19 09:49 PM	Failed: support@recipepower.com → greg.giffen@h3gm.com 'Cooking Smarts' Not delivering to previously bounced address	
	03/20/19 09:49 PM	Failed: support@recipepower.com → nmarko@soss.com 'Cooking Smarts' Server response: 554 5.7.1 Access denied	
	03/20/19 09:49 PM	Failed: support@recipepower.com → jcondron@comcast.net 'Cooking Smarts' Not delivering to a user who marked your messages as spam	
	03/20/19 09:49 PM	Failed: support@recipepower.com → brockvondoussa@gmail.com 'Cooking Smarts' Server response: 550 5.1.1 The email account that you tried to reach does not exist. Please try 5.1.1 double-checking the recipient's email address for typos or 5.1.1 unnecessary spaces. Learn more at 5.1.1 https://support.google.com/mail/?p=NoSuchUser y140si2236731yby.11 - gsmtp
03/20/19 09:49 PM	Failed: support@recipepower.com → domain.management@chronicle.com 'Cooking Smarts' Server response: 550 5.4.1 [domain.management@chronicle.com]: Recipient address rejected: Access denied [SN1NAM01FT048.eop-nam01.prod.protection.outlook.com]	
	03/20/19 09:49 PM	Failed: support@recipepower.com → bmcalexander@conroeisd.net 'Cooking Smarts' Server response: 550 5.4.1 [bmcalexander@conroeisd.net]: Recipient address rejected: Access denied [BY2NAM01FT030.eop-nam01.prod.protection.outlook.com]	
	03/20/19 09:49 PM	Failed: support@recipepower.com → max@recipepower.com 'Cooking Smarts'	
	03/20/19 09:48 PM	Failed: support@recipepower.com → akc@def.com 'Cooking Smarts' Server response: 550 5.1.1 <akc@def.com>... User unknown	
	03/20/19 09:48 PM	Failed: support@recipepower.com → morticious@detail.org 'Cooking Smarts'	
	03/20/19 09:48 PM	Failed: support@recipepower.com → estellabetancourt@zoho.com 'Cooking Smarts' Server response: 550 5.1.1 <estellabetancourt@zoho.com> User unknown	
	03/20/19 09:48 PM	Failed: support@recipepower.com → costumeoriginals@gmail.com 'Cooking Smarts' Not delivering to previously bounced address	
	03/20/19 09:48 PM	Failed: support@recipepower.com → mcvi@me.com 'Cooking Smarts' Server response: 550 5.1.1 <mcvi@me.com>: user does not exist	
	03/20/19 09:48 PM	Failed: support@recipepower.com → hester-soriano@puressencereview.com 'Cooking Smarts' Server response: 550 relaying denied by recipient not exist of check_relay_rcpt plugin	
	03/20/19 09:48 PM	Failed: support@recipepower.com → hieronymous@bosch.com 'Cooking Smarts' Server response: 550 5.1.1 6moqhA4IISOH46morhER91 <hieronymous@bosch.com> No such mailbox, please check spelling	
	03/20/19 09:48 PM	Failed: support@recipepower.com → recipepowerfeedback@mail.com 'Cooking Smarts' Server response: 550 Requested action not taken: mailbox unavailable	
	03/20/19 09:48 PM	Failed: support@recipepower.com → stooge@3co.com 'Cooking Smarts' Server response: 550 5.1.1 <stooge@3co.com> Recipient not found. <http://x.co/irbounce>	
	03/20/19 09:48 PM	Failed: support@recipepower.com → glisteningant561@mail.ru 'Cooking Smarts' Server response: 550 Message was not accepted -- invalid mailbox. Local mailbox glisteningant561@mail.ru is unavailable: user is terminated	
	03/20/19 09:48 PM	Failed: support@recipepower.com → stephaniastrother@gmail.com 'Cooking Smarts' Server response: 550 5.1.1 The email account that you tried to reach does not exist. Please try 5.1.1 double-checking the recipient's email address for typos or 5.1.1 unnecessary spaces. Learn more at 5.1.1 https://support.google.com/mail/?p=NoSuchUser 204si2155000ywh.322 - gsmtp	
	03/20/19 09:48 PM	Failed: support@recipepower.com → a3@bestcasinoclubcom.com 'Cooking Smarts' Server response: 501 5.5.4 Invalid Address.	
	03/20/19 09:48 PM	Failed: support@recipepower.com → accruedsjuhfd@gmail.com 'Cooking Smarts' Server response: 550 5.1.1 The email account that you tried to reach does not exist. Please try 5.1.1 double-checking the recipient's email address for typos or 5.1.1 unnecessary spaces. Learn more at 5.1.1 https://support.google.com/mail/?p=NoSuchUser a10si2319056ybs.133 - gsmtp	
	03/20/19 09:48 PM	Failed: support@recipepower.com → caanderson@earthlink.net 'Cooking Smarts' Server response: 550 caanderson@earthlink.net...User unknown	
	03/20/19 09:48 PM	Failed: support@recipepower.com → hangdoguni@hotmail.com 'Cooking Smarts' Server response: 550 5.5.0 Requested action not taken: mailbox unavailable. [VE1EUR01FT051.eop-EUR01.prod.protection.outlook.com]	
	03/20/19 09:48 PM	Failed: support@recipepower.com → mgburdon1454@gmail.com 'Cooking Smarts' Not delivering to previously bounced address	
	03/20/19 09:48 PM	Failed: support@recipepower.com → lapsesyn@hotmail.com 'Cooking Smarts' Server response: 550 5.5.0 Requested action not taken: mailbox unavailable. [HE1EUR01FT033.eop-EUR01.prod.protection.outlook.com]	
	03/20/19 09:48 PM	Failed: support@recipepower.com → ulteriorjvwoq@gmail.com 'Cooking Smarts' Server response: 550 5.1.1 The email account that you tried to reach does not exist. Please try 5.1.1 double-checking the recipient's email address for typos or 5.1.1 unnecessary spaces. Learn more at 5.1.1 https://support.google.com/mail/?p=NoSuchUser y203si2233585ywa.294 - gsmtp	
	03/20/19 09:48 PM	Failed: support@recipepower.com → expungebperk@gmail.com 'Cooking Smarts' Server response: 550 5.1.1 The email account that you tried to reach does not exist. Please try 5.1.1 double-checking the recipient's email address for typos or 5.1.1 unnecessary spaces. Learn more at 5.1.1 https://support.google.com/mail/?p=NoSuchUser i62si2187862ybi.399 - gsmtp	
	03/20/19 09:48 PM	Failed: support@recipepower.com → undulyipn@hotmail.com 'Cooking Smarts' Server response: 550 5.5.0 Requested action not taken: mailbox unavailable. [BY2NAM05FT038.eop-nam05.prod.protection.outlook.com]	
	03/20/19 09:48 PM	Failed: support@recipepower.com → marilouminahan@t-online.de 'Cooking Smarts' Server response: 550 5.1.1 user unknown 5.1.1 Unknown recipient.	
	03/20/19 09:48 PM	Failed: support@recipepower.com → nfidelholtz@storycorps.org 'Cooking Smarts' Server response: 550 5.2.1 The email account that you tried to reach is disabled. Learn more at 5.2.1 https://support.google.com/mail/?p=DisabledUser n133si1703213itc.47 - gsmtp
03/20/19 09:48 PM	Failed: support@recipepower.com → calvin.rosen@da.kyocera.com 'Cooking Smarts' Not delivering to previously bounced address	
	03/20/19 09:48 PM	Failed: support@recipepower.com → oceaniapre@hotmail.com 'Cooking Smarts' Server response: 550 5.5.0 Requested action not taken: mailbox unavailable. [VE1EUR03FT011.eop-EUR03.prod.protection.outlook.com]	
	03/20/19 09:48 PM	Failed: support@recipepower.com → omniscienttub687@outlook.com 'Cooking Smarts' Server response: 550 5.5.0 Requested action not taken: mailbox unavailable. [DB5EUR03FT037.eop-EUR03.prod.protection.outlook.com]	
	03/20/19 09:48 PM	Failed: support@recipepower.com → dixonbj361@gmail.com 'Cooking Smarts' Server response: 550 5.1.1 The email account that you tried to reach does not exist. Please try 5.1.1 double-checking the recipient's email address for typos or 5.1.1 unnecessary spaces. Learn more at 5.1.1 https://support.google.com/mail/?p=NoSuchUser d67si2163882ybf.69 - gsmtp	
	03/20/19 09:47 PM	Failed: support@recipepower.com → steffanyhubbell@gmail.com 'Cooking Smarts' Server response: 550 5.1.1 The email account that you tried to reach does not exist. Please try 5.1.1 double-checking the recipient's email address for typos or 5.1.1 unnecessary spaces. Learn more at 5.1.1 https://support.google.com/mail/?p=NoSuchUser y7si2181526yby.124 - gsmtp	
	03/20/19 09:47 PM	Failed: support@recipepower.com → elysiumiapgh@gmail.com 'Cooking Smarts' Server response: 550 5.1.1 The email account that you tried to reach does not exist. Please try 5.1.1 double-checking the recipient's email address for typos or 5.1.1 unnecessary spaces. Learn more at 5.1.1 https://support.google.com/mail/?p=NoSuchUser i140si2665921ywe.65 - gsmtp	
	03/20/19 09:47 PM	Failed: support@recipepower.com → sadclub088@outlook.com 'Cooking Smarts' Server response: 550 5.5.0 Requested action not taken: mailbox unavailable. [AM5EUR03FT016.eop-EUR03.prod.protection.outlook.com]	
	03/20/19 09:47 PM	Failed: support@recipepower.com → womanlyarm118@mail.ru 'Cooking Smarts' Server response: 550 Message was not accepted -- invalid mailbox. Local mailbox womanlyarm118@mail.ru is unavailable: user is terminated	
	03/20/19 09:47 PM	Failed: support@recipepower.com → tweedmanu@hotmail.com 'Cooking Smarts' Server response: 550 5.5.0 Requested action not taken: mailbox unavailable. [HE1EUR01FT037.eop-EUR01.prod.protection.outlook.com]	
	03/20/19 09:47 PM	Failed: support@recipepower.com → pyjamasbhxyup@gmail.com 'Cooking Smarts' Server response: 550 5.1.1 The email account that you tried to reach does not exist. Please try 5.1.1 double-checking the recipient's email address for typos or 5.1.1 unnecessary spaces. Learn more at 5.1.1 https://support.google.com/mail/?p=NoSuchUser j128si2518472ybc.292 - gsmtp	
	03/20/19 09:47 PM	Failed: support@recipepower.com → winonagether@gmail.com 'Cooking Smarts' Server response: 550 5.1.1 The email account that you tried to reach does not exist. Please try 5.1.1 double-checking the recipient's email address for typos or 5.1.1 unnecessary spaces. Learn more at 5.1.1 https://support.google.com/mail/?p=NoSuchUser g5si2195764ybb.287 - gsmtp	
	03/20/19 09:47 PM	Failed: support@recipepower.com → davina@afar.com 'Cooking Smarts' Server response: 550 5.4.1 [davina@afar.com]: Recipient address rejected: Access denied [CO1NAM05FT012.eop-nam05.prod.protection.outlook.com]	
	03/20/19 09:42 PM	Failed: support@recipepower.com → kala_greaves@inbox.com 'Cooking Smarts' Server response: 550 Mailbox unavailable <kala_greaves@inbox.com>	
	03/20/19 09:38 PM	Failed: support@recipepower.com → internalbelieve860@mail.ru 'Cooking Smarts' Server response: 550 Message was not accepted -- invalid mailbox. Local mailbox internalbelieve860@mail.ru is unavailable: user is terminated	
	03/20/19 08:58 PM	Failed: support@recipepower.com → randy_schnell@gmail.com 'Cooking Smarts' Server response: 550 5.1.1 The email account that you tried to reach does not exist. Please try 5.1.1 double-checking the recipient's email address for typos or 5.1.1 unnecessary spaces. Learn more at 5.1.1 https://support.google.com/mail/?p=NoSuchUser 12si2106034ywx.313 - gsmtp	
	03/20/19 08:51 PM	Failed: support@recipepower.com → mickey@mickeykaycreative.com 'Cooking Smarts'	
	03/20/19 08:35 PM	Failed: support@recipepower.com → cyndals725@yahoo.com 'Cooking Smarts' Not delivering to a user who marked your messages as spam
